// Jest Snapshot v1, https://goo.gl/fbAQLP

exports[`execute exchange rate api should return success 1`] = `
Object {
  "data": Object {
    "result": 7274.81,
  },
  "jobRunID": "1",
  "result": 7274.81,
  "statusCode": 200,
}
`;
